------------------------------------------------------------
TimeQuest Timing Analyzer Summary
------------------------------------------------------------

Type  : Slow Model Setup 'clk50'
Slack : -4.758
TNS   : -80.343

Type  : Slow Model Setup 'clockconverter:clk_convert|clk'
Slack : -3.695
TNS   : -71.090

Type  : Slow Model Setup 'button_L'
Slack : -1.668
TNS   : -13.092

Type  : Slow Model Setup 'button_R'
Slack : -0.631
TNS   : -1.625

Type  : Slow Model Hold 'clk50'
Slack : -2.544
TNS   : -2.544

Type  : Slow Model Hold 'button_R'
Slack : 0.200
TNS   : 0.000

Type  : Slow Model Hold 'button_L'
Slack : 0.391
TNS   : 0.000

Type  : Slow Model Hold 'clockconverter:clk_convert|clk'
Slack : 0.391
TNS   : 0.000

Type  : Slow Model Minimum Pulse Width 'clk50'
Slack : -1.380
TNS   : -34.380

Type  : Slow Model Minimum Pulse Width 'button_L'
Slack : -1.222
TNS   : -11.222

Type  : Slow Model Minimum Pulse Width 'button_R'
Slack : -1.222
TNS   : -6.222

Type  : Slow Model Minimum Pulse Width 'clockconverter:clk_convert|clk'
Slack : -0.500
TNS   : -21.000

Type  : Fast Model Setup 'clk50'
Slack : -1.688
TNS   : -22.626

Type  : Fast Model Setup 'clockconverter:clk_convert|clk'
Slack : -1.462
TNS   : -27.092

Type  : Fast Model Setup 'button_L'
Slack : -0.499
TNS   : -3.974

Type  : Fast Model Setup 'button_R'
Slack : 0.266
TNS   : 0.000

Type  : Fast Model Hold 'clk50'
Slack : -1.587
TNS   : -1.587

Type  : Fast Model Hold 'button_L'
Slack : 0.215
TNS   : 0.000

Type  : Fast Model Hold 'button_R'
Slack : 0.215
TNS   : 0.000

Type  : Fast Model Hold 'clockconverter:clk_convert|clk'
Slack : 0.215
TNS   : 0.000

Type  : Fast Model Minimum Pulse Width 'clk50'
Slack : -1.380
TNS   : -34.380

Type  : Fast Model Minimum Pulse Width 'button_L'
Slack : -1.222
TNS   : -11.222

Type  : Fast Model Minimum Pulse Width 'button_R'
Slack : -1.222
TNS   : -6.222

Type  : Fast Model Minimum Pulse Width 'clockconverter:clk_convert|clk'
Slack : -0.500
TNS   : -21.000

------------------------------------------------------------
